data/electronics_supply_chain_data.csv
date,product_id,product_name,quantity,price,location
2024-01-01,E1013,Noise Cancelling Headphones,200,199,"Metro Warehouse, Chicago, IL"
2024-01-15,E1013,Noise Cancelling Headphones,195,199,"Metro Warehouse, Chicago, IL"
2024-02-01,E1013,Noise Cancelling Headphones,205,199,"Metro Warehouse, Chicago, IL"
2024-02-15,E1013,Noise Cancelling Headphones,210,199,"Metro Warehouse, Chicago, IL"
2024-03-01,E1013,Noise Cancelling Headphones,215,189,"Metro Warehouse, Chicago, IL"
2024-03-15,E1013,Noise Cancelling Headphones,220,189,"Metro Warehouse, Chicago, IL"
2024-04-01,E1013,Noise Cancelling Headphones,225,189,"Metro Warehouse, Chicago, IL"
2024-04-15,E1013,Noise Cancelling Headphones,230,189,"Metro Warehouse, Chicago, IL"
2024-05-01,E1013,Noise Cancelling Headphones,235,179,"Metro Warehouse, Chicago, IL"
2024-05-15,E1013,Noise Cancelling Headphones,240,179,"Metro Warehouse, Chicago, IL"
2024-06-01,E1013,Noise Cancelling Headphones,245,179,"Metro Warehouse, Chicago, IL"
2024-06-15,E1013,Noise Cancelling Headphones,250,179,"Metro Warehouse, Chicago, IL"
2024-07-01,E1013,Noise Cancelling Headphones,255,169,"Metro Warehouse, Chicago, IL"
2024-07-15,E1013,Noise Cancelling Headphones,260,169,"Metro Warehouse, Chicago, IL"
2024-08-01,E1013,Noise Cancelling Headphones,265,169,"Metro Warehouse, Chicago, IL"
2024-08-15,E1013,Noise Cancelling Headphones,270,169,"Metro Warehouse, Chicago, IL"
2024-09-01,E1013,Noise Cancelling Headphones,275,159,"Metro Warehouse, Chicago, IL"
2024-09-15,E1013,Noise Cancelling Headphones,280,159,"Metro Warehouse, Chicago, IL"
2024-10-01,E1013,Noise Cancelling Headphones,285,159,"Metro Warehouse, Chicago, IL"
2024-10-15,E1013,Noise Cancelling Headphones,290,159,"Metro Warehouse, Chicago, IL"
2024-01-01,E1014,Fitness Tracker,150,129,"Central Electronics DC, San Jose, CA"
2024-01-15,E1014,Fitness Tracker,145,129,"Central Electronics DC, San Jose, CA"
2024-02-01,E1014,Fitness Tracker,140,129,"Central Electronics DC, San Jose, CA"
2024-02-15,E1014,Fitness Tracker,135,129,"Central Electronics DC, San Jose, CA"
2024-03-01,E1014,Fitness Tracker,140,129,"Central Electronics DC, San Jose, CA"
2024-03-15,E1014,Fitness Tracker,145,119,"Central Electronics DC, San Jose, CA"
2024-04-01,E1014,Fitness Tracker,150,119,"Central Electronics DC, San Jose, CA"
2024-04-15,E1014,Fitness Tracker,155,119,"Central Electronics DC, San Jose, CA"
2024-05-01,E1014,Fitness Tracker,160,119,"Central Electronics DC, San Jose, CA"
2024-05-15,E1014,Fitness Tracker,165,109,"Central Electronics DC, San Jose, CA"
2024-06-01,E1014,Fitness Tracker,170,109,"Central Electronics DC, San Jose, CA"
2024-06-15,E1014,Fitness Tracker,175,109,"Central Electronics DC, San Jose, CA"
2024-07-01,E1014,Fitness Tracker,180,109,"Central Electronics DC, San Jose, CA"
2024-07-15,E1014,Fitness Tracker,185,99,"Central Electronics DC, San Jose, CA"
2024-08-01,E1014,Fitness Tracker,190,99,"Central Electronics DC, San Jose, CA"
2024-08-15,E1014,Fitness Tracker,195,99,"Central Electronics DC, San Jose, CA"
2024-09-01,E1014,Fitness Tracker,200,99,"Central Electronics DC, San Jose, CA"
2024-09-15,E1014,Fitness Tracker,205,89,"Central Electronics DC, San Jose, CA"
2024-10-01,E1014,Fitness Tracker,210,89,"Central Electronics DC, San Jose, CA"
2024-10-15,E1014,Fitness Tracker,215,89,"Central Electronics DC, San Jose, CA"
2024-01-01,E1015,Smart Home Hub,80,249,"East Coast Hub, Atlanta, GA"
2024-01-15,E1015,Smart Home Hub,75,249,"East Coast Hub, Atlanta, GA"
2024-02-01,E1015,Smart Home Hub,78,249,"East Coast Hub, Atlanta, GA"
2024-02-15,E1015,Smart Home Hub,82,249,"East Coast Hub, Atlanta, GA"
2024-03-01,E1015,Smart Home Hub,85,249,"East Coast Hub, Atlanta, GA"
2024-03-15,E1015,Smart Home Hub,90,229,"East Coast Hub, Atlanta, GA"
2024-04-01,E1015,Smart Home Hub,95,229,"East Coast Hub, Atlanta, GA"
2024-04-15,E1015,Smart Home Hub,100,229,"East Coast Hub, Atlanta, GA"
2024-05-01,E1015,Smart Home Hub,105,229,"East Coast Hub, Atlanta, GA"
2024-05-15,E1015,Smart Home Hub,110,209,"East Coast Hub, Atlanta, GA"
2024-06-01,E1015,Smart Home Hub,115,209,"East Coast Hub, Atlanta, GA"
2024-06-15,E1015,Smart Home Hub,120,209,"East Coast Hub, Atlanta, GA"
2024-07-01,E1015,Smart Home Hub,125,209,"East Coast Hub, Atlanta, GA"
2024-07-15,E1015,Smart Home Hub,130,199,"East Coast Hub, Atlanta, GA"
2024-08-01,E1015,Smart Home Hub,135,199,"East Coast Hub, Atlanta, GA"
2024-08-15,E1015,Smart Home Hub,140,199,"East Coast Hub, Atlanta, GA"
2024-09-01,E1015,Smart Home Hub,145,189,"East Coast Hub, Atlanta, GA"
2024-09-15,E1015,Smart Home Hub,150,189,"East Coast Hub, Atlanta, GA"
2024-10-01,E1015,Smart Home Hub,155,189,"East Coast Hub, Atlanta, GA"
2024-10-15,E1015,Smart Home Hub,160,189,"East Coast Hub, Atlanta, GA"
